Microsoft (R) Macro Assembler Version 14.42.34435.0	    03/16/25 18:02:14
proj5_carlberg (1).asm					     Page 1 - 1


				; Program: Temperature Statistics
				; Author: Campbell Carlberg
				; Description: This program generates random temperature readings, 
				; calculates daily highs and lows, computes average high and low, and displays it

				.386
				.model flat, stdcall
				.stack 4096
				ExitProcess PROTO, dwExitCode:DWORD
				INCLUDE Irvine32.inc
			      C ; Include file for Irvine32.lib             (Irvine32.inc)
			      C 
			      C ;OPTION CASEMAP:NONE		; optional: make identifiers case-sensitive
			      C 
			      C INCLUDE SmallWin.inc		; MS-Windows prototypes, structures, and constants
			      C .NOLIST
			      C .MODEL flat, stdcall
c:\Irvine\SmallWin.inc(11) : warning A4011:multiple .MODEL directives found : .MODEL ignored
			      C .LIST
			      C 
			      C INCLUDE VirtualKeys.inc
			      C ; VirtualKeys.inc
			      C .NOLIST
			      C .LIST
			      C 
			      C 
			      C .NOLIST
			      C .LIST
			      C 

				; Global constants
 = 0000000E			DAYS_MEASURED = 14
 = 0000000B			TEMPS_PER_DAY = 11
 = 00000014			MIN_TEMP = 20
 = 00000050			MAX_TEMP = 80
 = 0000009A			ARRAYSIZE = DAYS_MEASURED * TEMPS_PER_DAY

 00000000			.data
				; Arrays and variables
 00000000  0000009A [		tempArray      DWORD ARRAYSIZE DUP(?)       ;array to store all temperature readings
	    00000000
	   ]
 00000268  0000000E [		dailyHighs     DWORD DAYS_MEASURED DUP(?)    ;array to store daily high temperatures
	    00000000
	   ]
 000002A0  0000000E [		dailyLows      DWORD DAYS_MEASURED DUP(?)    ;array to store daily low temperatures
	    00000000
	   ]
 000002D8 00000000		averageHigh    DWORD ?                       ;average of daily high temperatures
 000002DC 00000000		averageLow     DWORD ?                       ;average of daily low temperatures

				; Strings for output
 000002E0 57 65 6C 63 6F	intro1         BYTE "Welcome to Chaotic Temperature Statistics, by Campbell Carlberg", 0
	   6D 65 20 74 6F
	   20 43 68 61 6F
	   74 69 63 20 54
	   65 6D 70 65 72
	   61 74 75 72 65
	   20 53 74 61 74
	   69 73 74 69 63
	   73 2C 20 62 79
	   20 43 61 6D 70
	   62 65 6C 6C 20
	   43 61 72 6C 62
	   65 72 67 00
 00000320 54 68 69 73 20	intro2         BYTE "This program generates a series of temperature readings, X per day for Y days", 0
	   70 72 6F 67 72
	   61 6D 20 67 65
	   6E 65 72 61 74
	   65 73 20 61 20
	   73 65 72 69 65
	   73 20 6F 66 20
	   74 65 6D 70 65
	   72 61 74 75 72
	   65 20 72 65 61
	   64 69 6E 67 73
	   2C 20 58 20 70
	   65 72 20 64 61
	   79 20 66 6F 72
	   20 59 20 64 61
	   79 73 00
 0000036E 28 64 65 70 65	intro3         BYTE "(depending on CONSTANTs), and performs some basic statistics on them: daily high and low", 0
	   6E 64 69 6E 67
	   20 6F 6E 20 43
	   4F 4E 53 54 41
	   4E 54 73 29 2C
	   20 61 6E 64 20
	   70 65 72 66 6F
	   72 6D 73 20 73
	   6F 6D 65 20 62
	   61 73 69 63 20
	   73 74 61 74 69
	   73 74 69 63 73
	   20 6F 6E 20 74
	   68 65 6D 3A 20
	   64 61 69 6C 79
	   20 68 69 67 68
	   20 61 6E 64 20
	   6C 6F 77 00
 000003C7 61 6E 64 20 61	intro4         BYTE "and average high and low temps. It then prints these results, with descriptive titles.", 0
	   76 65 72 61 67
	   65 20 68 69 67
	   68 20 61 6E 64
	   20 6C 6F 77 20
	   74 65 6D 70 73
	   2E 20 49 74 20
	   74 68 65 6E 20
	   70 72 69 6E 74
	   73 20 74 68 65
	   73 65 20 72 65
	   73 75 6C 74 73
	   2C 20 77 69 74
	   68 20 64 65 73
	   63 72 69 70 74
	   69 76 65 20 74
	   69 74 6C 65 73
	   2E 00
 0000041E 54 68 65 20 74	tempTitle      BYTE "The temperature readings are as follows (one row is one day):", 0
	   65 6D 70 65 72
	   61 74 75 72 65
	   20 72 65 61 64
	   69 6E 67 73 20
	   61 72 65 20 61
	   73 20 66 6F 6C
	   6C 6F 77 73 20
	   28 6F 6E 65 20
	   72 6F 77 20 69
	   73 20 6F 6E 65
	   20 64 61 79 29
	   3A 00
 0000045C 54 68 65 20 68	highTitle      BYTE "The highest temperature of each day was:", 0
	   69 67 68 65 73
	   74 20 74 65 6D
	   70 65 72 61 74
	   75 72 65 20 6F
	   66 20 65 61 63
	   68 20 64 61 79
	   20 77 61 73 3A
	   00
 00000485 54 68 65 20 6C	lowTitle       BYTE "The lowest temperature of each day was:", 0
	   6F 77 65 73 74
	   20 74 65 6D 70
	   65 72 61 74 75
	   72 65 20 6F 66
	   20 65 61 63 68
	   20 64 61 79 20
	   77 61 73 3A 00
 000004AD 54 68 65 20 28	avgHighTitle   BYTE "The (truncated) average high temperature was:", 0
	   74 72 75 6E 63
	   61 74 65 64 29
	   20 61 76 65 72
	   61 67 65 20 68
	   69 67 68 20 74
	   65 6D 70 65 72
	   61 74 75 72 65
	   20 77 61 73 3A
	   00
 000004DB 54 68 65 20 28	avgLowTitle    BYTE "The (truncated) average low temperature was:", 0
	   74 72 75 6E 63
	   61 74 65 64 29
	   20 61 76 65 72
	   61 67 65 20 6C
	   6F 77 20 74 65
	   6D 70 65 72 61
	   74 75 72 65 20
	   77 61 73 3A 00
 00000508 54 68 61 6E 6B	farewell       BYTE "Thanks for using Chaotic Temperature Statistics. Goodbye!", 0
	   73 20 66 6F 72
	   20 75 73 69 6E
	   67 20 43 68 61
	   6F 74 69 63 20
	   54 65 6D 70 65
	   72 61 74 75 72
	   65 20 53 74 61
	   74 69 73 74 69
	   63 73 2E 20 47
	   6F 6F 64 62 79
	   65 21 00

 00000000			.code
 00000000			main PROC
				    ;seed random num generator
 00000000  E8 00000000 E	    call Randomize

				    ;introduce the program
 00000005  68 00000320 R	     push OFFSET intro2  
 0000000A  68 000002E0 R	     push OFFSET intro1  
 0000000F  E8 000000BA		     call printGreeting  

 00000014  68 000003C7 R	    push OFFSET intro4 
 00000019  68 0000036E R	    push OFFSET intro3  
 0000001E  E8 000000AB		    call printGreeting 

				    ;generate temperatures
 00000023  68 00000000 R	    push OFFSET tempArray
 00000028  E8 000000E0		    call generateTemperatures

				    ;find daily highs
 0000002D  68 00000268 R	    push OFFSET dailyHighs
 00000032  68 00000000 R	    push OFFSET tempArray
 00000037  E8 000000F8		    call findDailyHighs

				    ;find daily lows
 0000003C  68 000002A0 R	    push OFFSET dailyLows
 00000041  68 00000000 R	    push OFFSET tempArray
 00000046  E8 0000013A		    call findDailyLows

				    ;calc averages
 0000004B  68 000002DC R	    push OFFSET averageLow
 00000050  68 000002D8 R	    push OFFSET averageHigh
 00000055  68 000002A0 R	    push OFFSET dailyLows
 0000005A  68 00000268 R	    push OFFSET dailyHighs
 0000005F  E8 00000172		    call calcAverageLowHighTemps

				    ;display temperature array
 00000064  6A 0B		    push TEMPS_PER_DAY    ;columns per row
 00000066  6A 0E		    push DAYS_MEASURED    ;number of rows
 00000068  68 00000000 R	    push OFFSET tempArray
 0000006D  68 0000041E R	    push OFFSET tempTitle
 00000072  E8 000001A6		    call displayTempArray

				    ;display daily highs
 00000077  6A 0B		    push TEMPS_PER_DAY         ;columns per row
 00000079  6A 01		    push 1                     ;number of rows
 0000007B  68 00000268 R	    push OFFSET dailyHighs
 00000080  68 0000045C R	    push OFFSET highTitle
 00000085  E8 00000193		    call displayTempArray

				    ;display daily lows
 0000008A  6A 0B		    push TEMPS_PER_DAY         ;columns per row
 0000008C  6A 01		    push 1                     ;number of rows
 0000008E  68 000002A0 R	    push OFFSET dailyLows
 00000093  68 00000485 R	    push OFFSET lowTitle
 00000098  E8 00000180		    call displayTempArray

				    ;display average high temperature
 0000009D  FF 35 000002D8 R	    push averageHigh
 000000A3  68 000004AD R	    push OFFSET avgHighTitle
 000000A8  E8 000001C3		    call displayTempWithString

				    ;display average low temperature
 000000AD  FF 35 000002DC R	    push averageLow
 000000B3  68 000004DB R	    push OFFSET avgLowTitle
 000000B8  E8 000001B3		    call displayTempWithString

				    ;farewell message
 000000BD  68 00000508 R	    push OFFSET farewell
 000000C2  E8 0000002D		    call printFarewell

				    INVOKE ExitProcess, 0
 000000C7  6A 00	   *	    push   +000000000h
 000000C9  E8 00000000 E   *	    call   ExitProcess
 000000CE			main ENDP

				;-----------------------------------------------------------
				; Description: Displays two string intros
				;-----------------------------------------------------------
 000000CE			printGreeting PROC
 000000CE  55			    push ebp
 000000CF  8B EC		    mov ebp, esp
 000000D1  8B 55 08		    mov edx, [ebp + 8]    ;address of first string
 000000D4  E8 00000000 E	    call WriteString
 000000D9  E8 00000000 E	    call Crlf
 000000DE  8B 55 0C		    mov edx, [ebp + 12]
 000000E1  E8 00000000 E	    call WriteString
 000000E6  E8 00000000 E	    call Crlf
 000000EB  E8 00000000 E	    call Crlf
 000000F0  5D			    pop ebp
 000000F1  C2 0008		    ret 8
 000000F4			printGreeting ENDP

				;-----------------------------------------------------------
				; Description: Displays an exit message
				;-----------------------------------------------------------
 000000F4			printFarewell PROC
 000000F4  E8 00000000 E	    call Crlf
 000000F9  55			    push ebp
 000000FA  8B EC		    mov ebp, esp
 000000FC  8B 55 08		    mov edx, [ebp + 8]    ;address of string
 000000FF  E8 00000000 E	    call WriteString
 00000104  E8 00000000 E	    call Crlf
 00000109  5D			    pop ebp
 0000010A  C2 0004		    ret 4
 0000010D			printFarewell ENDP

				;-----------------------------------------------------------
				; Description: Fills tempArray with random temperatures.
				;-----------------------------------------------------------
 0000010D			generateTemperatures PROC
 0000010D  55			    push ebp
 0000010E  8B EC		    mov ebp, esp
 00000110  8B 75 08		    mov esi, [ebp + 8]    ;address of tempArray
 00000113  B9 0000009A		    mov ecx, ARRAYSIZE
 00000118			generateLoop:
 00000118  B8 00000050		    mov eax, MAX_TEMP
 0000011D  83 E8 14		    sub eax, MIN_TEMP
 00000120  40			    inc eax
 00000121  E8 00000000 E	    call RandomRange
 00000126  83 C0 14		    add eax, MIN_TEMP
 00000129  89 06		    mov [esi], eax
 0000012B  83 C6 04		    add esi, 4
 0000012E  E2 E8		    loop generateLoop
 00000130  5D			    pop ebp
 00000131  C2 0004		    ret 4
 00000134			generateTemperatures ENDP

				;-----------------------------------------------------------
				; Description: Finds the highest temperature for each day.
				;-----------------------------------------------------------
 00000134			findDailyHighs PROC
 00000134  55			    push ebp
 00000135  8B EC		    mov ebp, esp
 00000137  53			    push ebx
 00000138  52			    push edx
 00000139  51			    push ecx

 0000013A  8B 75 08		    mov esi, [ebp + 8]    ;pointer to tempArray
 0000013D  8B 7D 0C		    mov edi, [ebp + 12]   ;pointer to dailyHighs
 00000140  33 DB		    xor ebx, ebx          ;EBX = day counter (0 to DAYS_MEASURED - 1)

 00000142			highs_outer_loop:
 00000142  83 FB 0E		    cmp ebx, DAYS_MEASURED
 00000145  7D 37		    jge highs_done

				    ;day * TEMPS_PER_DAY
 00000147  8B CB		    mov ecx, ebx
 00000149  6B C9 0B		    imul ecx, TEMPS_PER_DAY   ;ECX = day base index
 0000014C  8B D1		    mov edx, ecx
 0000014E  C1 E2 02		    shl edx, 2                ;byte offset for the first element
 00000151  8B 04 16		    mov eax, [esi + edx]      ;initialize highest temperature for the day

				    ;inner loop
 00000154  BA 00000001		    mov edx, 1                ;inner loop counter j = 1
 00000159			highs_inner_loop:
 00000159  83 FA 0B		    cmp edx, TEMPS_PER_DAY
 0000015C  7D 15		    jge store_high
				    ;compute absolute index = (day * TEMPS_PER_DAY + j)
 0000015E  8B CB		    mov ecx, ebx
 00000160  6B C9 0B		    imul ecx, TEMPS_PER_DAY   ;ECX = day base index
 00000163  03 CA		    add ecx, edx              ;ECX = absolute index for current element
 00000165  C1 E1 02		    shl ecx, 2              ;convert index to byte offset
 00000168  3B 04 0E		    cmp eax, [esi + ecx]
 0000016B  7D 03		    jge skip_high_update
 0000016D  8B 04 0E		    mov eax, [esi + ecx]      ;update highest temperature
 00000170			skip_high_update:
 00000170  42			    inc edx
 00000171  EB E6		    jmp highs_inner_loop

 00000173			store_high:
				    ;store into dailyhighs
 00000173  8B CB		    mov ecx, ebx
 00000175  C1 E1 02		    shl ecx, 2
 00000178  89 04 0F		    mov [edi + ecx], eax
 0000017B  43			    inc ebx
 0000017C  EB C4		    jmp highs_outer_loop

 0000017E			highs_done:
 0000017E  59			    pop ecx
 0000017F  5A			    pop edx
 00000180  5B			    pop ebx
 00000181  5D			    pop ebp
 00000182  C2 0008		    ret 8
 00000185			findDailyHighs ENDP

				;-----------------------------------------------------------
				; Description: Finds the lowest temperature for each day.
				;-----------------------------------------------------------
 00000185			findDailyLows PROC
 00000185  55			    push ebp
 00000186  8B EC		    mov ebp, esp
 00000188  53			    push ebx
 00000189  52			    push edx
 0000018A  51			    push ecx

 0000018B  8B 75 08		    mov esi, [ebp + 8]    ;pointer to tempArray
 0000018E  8B 7D 0C		    mov edi, [ebp + 12]   ;pointer to dailyLows
 00000191  33 DB		    xor ebx, ebx          ;EBX = day counter (0 to DAYS_MEASURED - 1)

 00000193			lows_outer_loop:
 00000193  83 FB 0E		    cmp ebx, DAYS_MEASURED
 00000196  7D 37		    jge lows_done

				    ;compute base index for current day: day * TEMPS_PER_DAY
 00000198  8B CB		    mov ecx, ebx
 0000019A  6B C9 0B		    imul ecx, TEMPS_PER_DAY   ;ECX = day base index
 0000019D  8B D1		    mov edx, ecx
 0000019F  C1 E2 02		    shl edx, 2                ;byte offset for the first element
 000001A2  8B 04 16		    mov eax, [esi + edx]      ;initialize lowest temperature for the day

				    ;inner loop: iterate through remaining temperatures for the day
 000001A5  BA 00000001		    mov edx, 1                ;inner loop counter j = 1
 000001AA			lows_inner_loop:
 000001AA  83 FA 0B		    cmp edx, TEMPS_PER_DAY
 000001AD  7D 15		    jge store_low
				    ;day * TEMPS_PER_DAY + j
 000001AF  8B CB		    mov ecx, ebx
 000001B1  6B C9 0B		    imul ecx, TEMPS_PER_DAY   ;ECX = day base index
 000001B4  03 CA		    add ecx, edx              ;ECX = absolute index for current element
 000001B6  C1 E1 02		    shl ecx, 2                ;convert index to byte offset
 000001B9  3B 04 0E		    cmp eax, [esi + ecx]
 000001BC  7E 03		    jle skip_low_update
 000001BE  8B 04 0E		    mov eax, [esi + ecx]     
 000001C1			skip_low_update:
 000001C1  42			    inc edx
 000001C2  EB E6		    jmp lows_inner_loop

 000001C4			store_low:
				    ;store computed low into dailyLows[day]
 000001C4  8B CB		    mov ecx, ebx
 000001C6  C1 E1 02		    shl ecx, 2
 000001C9  89 04 0F		    mov [edi + ecx], eax
 000001CC  43			    inc ebx
 000001CD  EB C4		    jmp lows_outer_loop

 000001CF			lows_done:
 000001CF  59			    pop ecx
 000001D0  5A			    pop edx
 000001D1  5B			    pop ebx
 000001D2  5D			    pop ebp
 000001D3  C2 0008		    ret 8
 000001D6			findDailyLows ENDP

				;-----------------------------------------------------------
				; Description: Calculates the truncated average of daily highs and lows.
				;-----------------------------------------------------------
 000001D6			calcAverageLowHighTemps PROC
 000001D6  55			    push ebp
 000001D7  8B EC		    mov ebp, esp
				    ;calculate average high temperature
 000001D9  8B 75 08		    mov esi, [ebp + 8]    ;pointer to dailyHighs
 000001DC  B8 00000000		    mov eax, 0
 000001E1  B9 0000000E		    mov ecx, DAYS_MEASURED
 000001E6			sumHighs:
 000001E6  03 44 8E FC		    add eax, [esi + ecx*4 - 4]
 000001EA  E2 FA		    loop sumHighs
 000001EC  99			    cdq
 000001ED  B9 0000000E		    mov ecx, DAYS_MEASURED
 000001F2  F7 F9		    idiv ecx
 000001F4  8B 5D 10		    mov ebx, [ebp + 16]   ;address of averageHigh
 000001F7  89 03		    mov [ebx], eax

				    ;calculate average low temperature
 000001F9  8B 75 0C		    mov esi, [ebp + 12]   ;pointer to dailyLows
 000001FC  B8 00000000		    mov eax, 0
 00000201  B9 0000000E		    mov ecx, DAYS_MEASURED
 00000206			sumLows:
 00000206  03 44 8E FC		    add eax, [esi + ecx*4 - 4]
 0000020A  E2 FA		    loop sumLows
 0000020C  99			    cdq
 0000020D  B9 0000000E		    mov ecx, DAYS_MEASURED
 00000212  F7 F9		    idiv ecx
 00000214  8B 5D 14		    mov ebx, [ebp + 20]   ;address of averageLow
 00000217  89 03		    mov [ebx], eax

 00000219  5D			    pop ebp
 0000021A  C2 0010		    ret 16
 0000021D			calcAverageLowHighTemps ENDP

				;-----------------------------------------------------------
				; Displays array with a title
				;-----------------------------------------------------------
 0000021D			displayTempArray PROC
 0000021D  55			    push ebp
 0000021E  8B EC		    mov ebp, esp
 00000220  8B 55 08		    mov edx, [ebp + 8]    ;print the title
 00000223  E8 00000000 E	    call WriteString
 00000228  E8 00000000 E	    call Crlf
 0000022D  E8 00000000 E	    call Crlf

 00000232  8B 75 0C		    mov esi, [ebp + 12]   ;array base address
 00000235  8B 4D 10		    mov ecx, [ebp + 16]   ;number of rows
 00000238  8B 5D 14		    mov ebx, [ebp + 20]   ;number of columns 
				    
 0000023B			display_row_loop:
 0000023B  BF 00000000		    mov edi, 0            ;column index

 00000240			display_col_loop:
 00000240  8B 04 BE		    mov eax, [esi + edi*4]  ;get the temperature value
 00000243  E8 00000000 E	    call WriteDec           ;print the number
 00000248  B0 20		    mov al, ' '
 0000024A  E8 00000000 E	    call WriteChar
 0000024F  E8 00000000 E	    call WriteChar          ;add an extra space for alignment

 00000254  47			    inc edi
 00000255  3B FB		    cmp edi, ebx
 00000257  7C E7		    jl display_col_loop     ;print all columns in the row

 00000259  E8 00000000 E	    call Crlf              
 0000025E  8B C3		    mov eax, ebx
 00000260  C1 E0 02		    shl eax, 2              ;multiply columns by 4 to get byte offset
 00000263  03 F0		    add esi, eax
 00000265  E2 D4		    loop display_row_loop   ;continue for all rows

 00000267  E8 00000000 E	    call Crlf               ;extra spacing after the section
 0000026C  5D			    pop ebp
 0000026D  C2 0010		    ret 16
 00000270			displayTempArray ENDP

				;-----------------------------------------------------------
				;Displays a descriptive string followed by a temperature value
				;-----------------------------------------------------------
 00000270			displayTempWithString PROC
 00000270  55			    push ebp
 00000271  8B EC		    mov ebp, esp
 00000273  E8 00000000 E	    call Crlf
 00000278  8B 55 08		    mov edx, [ebp + 8]      ;print title
 0000027B  E8 00000000 E	    call WriteString
 00000280  8B 45 0C		    mov eax, [ebp + 12]     ;get temp value
 00000283  E8 00000000 E	    call WriteDec
 00000288  E8 00000000 E	    call Crlf
 0000028D  5D			    pop ebp
 0000028E  C2 0008		    ret 8
 00000291			displayTempWithString ENDP


				END main
Microsoft (R) Macro Assembler Version 14.42.34435.0	    03/16/25 18:02:14
proj5_carlberg (1).asm					     Symbols 2 - 1




Structures and Unions:

                N a m e                  Size
                                         Offset      Type

CONSOLE_CURSOR_INFO  . . . . . .	 00000008
  dwSize . . . . . . . . . . . .	 00000000	 DWord
  bVisible . . . . . . . . . . .	 00000004	 DWord
CONSOLE_SCREEN_BUFFER_INFO . . .	 00000016
  dwSize . . . . . . . . . . . .	 00000000	 DWord
  dwCursorPosition . . . . . . .	 00000004	 DWord
  wAttributes  . . . . . . . . .	 00000008	 Word
  srWindow . . . . . . . . . . .	 0000000A	 QWord
  dwMaximumWindowSize  . . . . .	 00000012	 DWord
COORD  . . . . . . . . . . . . .	 00000004
  X  . . . . . . . . . . . . . .	 00000000	 Word
  Y  . . . . . . . . . . . . . .	 00000002	 Word
FILETIME . . . . . . . . . . . .	 00000008
  loDateTime . . . . . . . . . .	 00000000	 DWord
  hiDateTime . . . . . . . . . .	 00000004	 DWord
FOCUS_EVENT_RECORD . . . . . . .	 00000004
  bSetFocus  . . . . . . . . . .	 00000000	 DWord
FPU_ENVIRON  . . . . . . . . . .	 0000001C
  controlWord  . . . . . . . . .	 00000000	 Word
  statusWord . . . . . . . . . .	 00000004	 Word
  tagWord  . . . . . . . . . . .	 00000008	 Word
  instrPointerOffset . . . . . .	 0000000C	 DWord
  instrPointerSelector . . . . .	 00000010	 DWord
  operandPointerOffset . . . . .	 00000014	 DWord
  operandPointerSelector . . . .	 00000018	 Word
INPUT_RECORD . . . . . . . . . .	 00000014
  EventType  . . . . . . . . . .	 00000000	 Word
  Event  . . . . . . . . . . . .	 00000004	 XmmWord
  bKeyDown . . . . . . . . . . .	 00000000	 DWord
  wRepeatCount . . . . . . . . .	 00000004	 Word
  wVirtualKeyCode  . . . . . . .	 00000006	 Word
  wVirtualScanCode . . . . . . .	 00000008	 Word
  uChar  . . . . . . . . . . . .	 0000000A	 Word
  UnicodeChar  . . . . . . . . .	 00000000	 Word
  AsciiChar  . . . . . . . . . .	 00000000	 Byte
  dwControlKeyState  . . . . . .	 0000000C	 DWord
  dwMousePosition  . . . . . . .	 00000000	 DWord
  dwButtonState  . . . . . . . .	 00000004	 DWord
  dwMouseControlKeyState . . . .	 00000008	 DWord
  dwEventFlags . . . . . . . . .	 0000000C	 DWord
  dwSize . . . . . . . . . . . .	 00000000	 DWord
  dwCommandId  . . . . . . . . .	 00000000	 DWord
  bSetFocus  . . . . . . . . . .	 00000000	 DWord
KEY_EVENT_RECORD . . . . . . . .	 00000010
  bKeyDown . . . . . . . . . . .	 00000000	 DWord
  wRepeatCount . . . . . . . . .	 00000004	 Word
  wVirtualKeyCode  . . . . . . .	 00000006	 Word
  wVirtualScanCode . . . . . . .	 00000008	 Word
  uChar  . . . . . . . . . . . .	 0000000A	 Word
  UnicodeChar  . . . . . . . . .	 00000000	 Word
  AsciiChar  . . . . . . . . . .	 00000000	 Byte
  dwControlKeyState  . . . . . .	 0000000C	 DWord
MENU_EVENT_RECORD  . . . . . . .	 00000004
  dwCommandId  . . . . . . . . .	 00000000	 DWord
MOUSE_EVENT_RECORD . . . . . . .	 00000010
  dwMousePosition  . . . . . . .	 00000000	 DWord
  dwButtonState  . . . . . . . .	 00000004	 DWord
  dwMouseControlKeyState . . . .	 00000008	 DWord
  dwEventFlags . . . . . . . . .	 0000000C	 DWord
SMALL_RECT . . . . . . . . . . .	 00000008
  Left . . . . . . . . . . . . .	 00000000	 Word
  Top  . . . . . . . . . . . . .	 00000002	 Word
  Right  . . . . . . . . . . . .	 00000004	 Word
  Bottom . . . . . . . . . . . .	 00000006	 Word
SYSTEMTIME . . . . . . . . . . .	 00000010
  wYear  . . . . . . . . . . . .	 00000000	 Word
  wMonth . . . . . . . . . . . .	 00000002	 Word
  wDayOfWeek . . . . . . . . . .	 00000004	 Word
  wDay . . . . . . . . . . . . .	 00000006	 Word
  wHour  . . . . . . . . . . . .	 00000008	 Word
  wMinute  . . . . . . . . . . .	 0000000A	 Word
  wSecond  . . . . . . . . . . .	 0000000C	 Word
  wMilliseconds  . . . . . . . .	 0000000E	 Word
WINDOW_BUFFER_SIZE_RECORD  . . .	 00000004
  dwSize . . . . . . . . . . . .	 00000000	 DWord


Segments and Groups:

                N a m e                 Size     Length   Align   Combine Class

FLAT . . . . . . . . . . . . . .	GROUP
STACK  . . . . . . . . . . . . .	32 Bit	 00001000 DWord	  Stack	  'STACK'	 
_DATA  . . . . . . . . . . . . .	32 Bit	 00000542 DWord	  Public  'DATA'	
_TEXT  . . . . . . . . . . . . .	32 Bit	 00000291 DWord	  Public  'CODE'	


Procedures, parameters, and locals:

                N a m e                 Type     Value    Attr

CloseFile  . . . . . . . . . . .	P Near	 00000000 FLAT	Length= 00000000 External STDCALL
CloseHandle  . . . . . . . . . .	P Near	 00000000 FLAT	Length= 00000000 External STDCALL
Clrscr . . . . . . . . . . . . .	P Near	 00000000 FLAT	Length= 00000000 External STDCALL
CreateFileA  . . . . . . . . . .	P Near	 00000000 FLAT	Length= 00000000 External STDCALL
CreateOutputFile . . . . . . . .	P Near	 00000000 FLAT	Length= 00000000 External STDCALL
Crlf . . . . . . . . . . . . . .	P Near	 00000000 FLAT	Length= 00000000 External STDCALL
Delay  . . . . . . . . . . . . .	P Near	 00000000 FLAT	Length= 00000000 External STDCALL
DumpMem  . . . . . . . . . . . .	P Near	 00000000 FLAT	Length= 00000000 External STDCALL
DumpRegs . . . . . . . . . . . .	P Near	 00000000 FLAT	Length= 00000000 External STDCALL
ExitProcess  . . . . . . . . . .	P Near	 00000000 FLAT	Length= 00000000 External STDCALL
FileTimeToDosDateTime  . . . . .	P Near	 00000000 FLAT	Length= 00000000 External STDCALL
FileTimeToSystemTime . . . . . .	P Near	 00000000 FLAT	Length= 00000000 External STDCALL
FlushConsoleInputBuffer  . . . .	P Near	 00000000 FLAT	Length= 00000000 External STDCALL
FormatMessageA . . . . . . . . .	P Near	 00000000 FLAT	Length= 00000000 External STDCALL
GetCommandLineA  . . . . . . . .	P Near	 00000000 FLAT	Length= 00000000 External STDCALL
GetCommandTail . . . . . . . . .	P Near	 00000000 FLAT	Length= 00000000 External STDCALL
GetConsoleCP . . . . . . . . . .	P Near	 00000000 FLAT	Length= 00000000 External STDCALL
GetConsoleCursorInfo . . . . . .	P Near	 00000000 FLAT	Length= 00000000 External STDCALL
GetConsoleMode . . . . . . . . .	P Near	 00000000 FLAT	Length= 00000000 External STDCALL
GetConsoleScreenBufferInfo . . .	P Near	 00000000 FLAT	Length= 00000000 External STDCALL
GetDateTime  . . . . . . . . . .	P Near	 00000000 FLAT	Length= 00000000 External STDCALL
GetFileTime  . . . . . . . . . .	P Near	 00000000 FLAT	Length= 00000000 External STDCALL
GetKeyState  . . . . . . . . . .	P Near	 00000000 FLAT	Length= 00000000 External STDCALL
GetLastError . . . . . . . . . .	P Near	 00000000 FLAT	Length= 00000000 External STDCALL
GetLocalTime . . . . . . . . . .	P Near	 00000000 FLAT	Length= 00000000 External STDCALL
GetMaxXY . . . . . . . . . . . .	P Near	 00000000 FLAT	Length= 00000000 External STDCALL
GetMseconds  . . . . . . . . . .	P Near	 00000000 FLAT	Length= 00000000 External STDCALL
GetNumberOfConsoleInputEvents  .	P Near	 00000000 FLAT	Length= 00000000 External STDCALL
GetProcessHeap . . . . . . . . .	P Near	 00000000 FLAT	Length= 00000000 External STDCALL
GetStdHandle . . . . . . . . . .	P Near	 00000000 FLAT	Length= 00000000 External STDCALL
GetSystemTime  . . . . . . . . .	P Near	 00000000 FLAT	Length= 00000000 External STDCALL
GetTextColor . . . . . . . . . .	P Near	 00000000 FLAT	Length= 00000000 External STDCALL
GetTickCount . . . . . . . . . .	P Near	 00000000 FLAT	Length= 00000000 External STDCALL
Gotoxy . . . . . . . . . . . . .	P Near	 00000000 FLAT	Length= 00000000 External STDCALL
HeapAlloc  . . . . . . . . . . .	P Near	 00000000 FLAT	Length= 00000000 External STDCALL
HeapCreate . . . . . . . . . . .	P Near	 00000000 FLAT	Length= 00000000 External STDCALL
HeapDestroy  . . . . . . . . . .	P Near	 00000000 FLAT	Length= 00000000 External STDCALL
HeapFree . . . . . . . . . . . .	P Near	 00000000 FLAT	Length= 00000000 External STDCALL
HeapSize . . . . . . . . . . . .	P Near	 00000000 FLAT	Length= 00000000 External STDCALL
IsDigit  . . . . . . . . . . . .	P Near	 00000000 FLAT	Length= 00000000 External STDCALL
LocalFree  . . . . . . . . . . .	P Near	 00000000 FLAT	Length= 00000000 External STDCALL
MessageBoxA  . . . . . . . . . .	P Near	 00000000 FLAT	Length= 00000000 External STDCALL
MsgBoxAsk  . . . . . . . . . . .	P Near	 00000000 FLAT	Length= 00000000 External STDCALL
MsgBox . . . . . . . . . . . . .	P Near	 00000000 FLAT	Length= 00000000 External STDCALL
OpenInputFile  . . . . . . . . .	P Near	 00000000 FLAT	Length= 00000000 External STDCALL
ParseDecimal32 . . . . . . . . .	P Near	 00000000 FLAT	Length= 00000000 External STDCALL
ParseInteger32 . . . . . . . . .	P Near	 00000000 FLAT	Length= 00000000 External STDCALL
PeekConsoleInputA  . . . . . . .	P Near	 00000000 FLAT	Length= 00000000 External STDCALL
Random32 . . . . . . . . . . . .	P Near	 00000000 FLAT	Length= 00000000 External STDCALL
RandomRange  . . . . . . . . . .	P Near	 00000000 FLAT	Length= 00000000 External STDCALL
Randomize  . . . . . . . . . . .	P Near	 00000000 FLAT	Length= 00000000 External STDCALL
ReadChar . . . . . . . . . . . .	P Near	 00000000 FLAT	Length= 00000000 External STDCALL
ReadConsoleA . . . . . . . . . .	P Near	 00000000 FLAT	Length= 00000000 External STDCALL
ReadConsoleInputA  . . . . . . .	P Near	 00000000 FLAT	Length= 00000000 External STDCALL
ReadDec  . . . . . . . . . . . .	P Near	 00000000 FLAT	Length= 00000000 External STDCALL
ReadFile . . . . . . . . . . . .	P Near	 00000000 FLAT	Length= 00000000 External STDCALL
ReadFloat  . . . . . . . . . . .	P Near	 00000000 FLAT	Length= 00000000 External STDCALL
ReadFromFile . . . . . . . . . .	P Near	 00000000 FLAT	Length= 00000000 External STDCALL
ReadHex  . . . . . . . . . . . .	P Near	 00000000 FLAT	Length= 00000000 External STDCALL
ReadInt  . . . . . . . . . . . .	P Near	 00000000 FLAT	Length= 00000000 External STDCALL
ReadKeyFlush . . . . . . . . . .	P Near	 00000000 FLAT	Length= 00000000 External STDCALL
ReadKey  . . . . . . . . . . . .	P Near	 00000000 FLAT	Length= 00000000 External STDCALL
ReadString . . . . . . . . . . .	P Near	 00000000 FLAT	Length= 00000000 External STDCALL
SetConsoleCursorInfo . . . . . .	P Near	 00000000 FLAT	Length= 00000000 External STDCALL
SetConsoleCursorPosition . . . .	P Near	 00000000 FLAT	Length= 00000000 External STDCALL
SetConsoleMode . . . . . . . . .	P Near	 00000000 FLAT	Length= 00000000 External STDCALL
SetConsoleScreenBufferSize . . .	P Near	 00000000 FLAT	Length= 00000000 External STDCALL
SetConsoleTextAttribute  . . . .	P Near	 00000000 FLAT	Length= 00000000 External STDCALL
SetConsoleTitleA . . . . . . . .	P Near	 00000000 FLAT	Length= 00000000 External STDCALL
SetConsoleWindowInfo . . . . . .	P Near	 00000000 FLAT	Length= 00000000 External STDCALL
SetFilePointer . . . . . . . . .	P Near	 00000000 FLAT	Length= 00000000 External STDCALL
SetLocalTime . . . . . . . . . .	P Near	 00000000 FLAT	Length= 00000000 External STDCALL
SetTextColor . . . . . . . . . .	P Near	 00000000 FLAT	Length= 00000000 External STDCALL
ShowFPUStack . . . . . . . . . .	P Near	 00000000 FLAT	Length= 00000000 External STDCALL
Sleep  . . . . . . . . . . . . .	P Near	 00000000 FLAT	Length= 00000000 External STDCALL
StrLength  . . . . . . . . . . .	P Near	 00000000 FLAT	Length= 00000000 External STDCALL
Str_compare  . . . . . . . . . .	P Near	 00000000 FLAT	Length= 00000000 External STDCALL
Str_copy . . . . . . . . . . . .	P Near	 00000000 FLAT	Length= 00000000 External STDCALL
Str_length . . . . . . . . . . .	P Near	 00000000 FLAT	Length= 00000000 External STDCALL
Str_trim . . . . . . . . . . . .	P Near	 00000000 FLAT	Length= 00000000 External STDCALL
Str_ucase  . . . . . . . . . . .	P Near	 00000000 FLAT	Length= 00000000 External STDCALL
SystemTimeToFileTime . . . . . .	P Near	 00000000 FLAT	Length= 00000000 External STDCALL
WaitMsg  . . . . . . . . . . . .	P Near	 00000000 FLAT	Length= 00000000 External STDCALL
WriteBinB  . . . . . . . . . . .	P Near	 00000000 FLAT	Length= 00000000 External STDCALL
WriteBin . . . . . . . . . . . .	P Near	 00000000 FLAT	Length= 00000000 External STDCALL
WriteChar  . . . . . . . . . . .	P Near	 00000000 FLAT	Length= 00000000 External STDCALL
WriteConsoleA  . . . . . . . . .	P Near	 00000000 FLAT	Length= 00000000 External STDCALL
WriteConsoleOutputAttribute  . .	P Near	 00000000 FLAT	Length= 00000000 External STDCALL
WriteConsoleOutputCharacterA . .	P Near	 00000000 FLAT	Length= 00000000 External STDCALL
WriteDec . . . . . . . . . . . .	P Near	 00000000 FLAT	Length= 00000000 External STDCALL
WriteFile  . . . . . . . . . . .	P Near	 00000000 FLAT	Length= 00000000 External STDCALL
WriteFloat . . . . . . . . . . .	P Near	 00000000 FLAT	Length= 00000000 External STDCALL
WriteHexB  . . . . . . . . . . .	P Near	 00000000 FLAT	Length= 00000000 External STDCALL
WriteHex . . . . . . . . . . . .	P Near	 00000000 FLAT	Length= 00000000 External STDCALL
WriteInt . . . . . . . . . . . .	P Near	 00000000 FLAT	Length= 00000000 External STDCALL
WriteStackFrameName  . . . . . .	P Near	 00000000 FLAT	Length= 00000000 External STDCALL
WriteStackFrame  . . . . . . . .	P Near	 00000000 FLAT	Length= 00000000 External STDCALL
WriteString  . . . . . . . . . .	P Near	 00000000 FLAT	Length= 00000000 External STDCALL
WriteToFile  . . . . . . . . . .	P Near	 00000000 FLAT	Length= 00000000 External STDCALL
WriteWindowsMsg  . . . . . . . .	P Near	 00000000 FLAT	Length= 00000000 External STDCALL
calcAverageLowHighTemps  . . . .	P Near	 000001D6 _TEXT	Length= 00000047 Public STDCALL
  sumHighs . . . . . . . . . . .	L Near	 000001E6 _TEXT	
  sumLows  . . . . . . . . . . .	L Near	 00000206 _TEXT	
displayTempArray . . . . . . . .	P Near	 0000021D _TEXT	Length= 00000053 Public STDCALL
  display_row_loop . . . . . . .	L Near	 0000023B _TEXT	
  display_col_loop . . . . . . .	L Near	 00000240 _TEXT	
displayTempWithString  . . . . .	P Near	 00000270 _TEXT	Length= 00000021 Public STDCALL
findDailyHighs . . . . . . . . .	P Near	 00000134 _TEXT	Length= 00000051 Public STDCALL
  highs_outer_loop . . . . . . .	L Near	 00000142 _TEXT	
  highs_inner_loop . . . . . . .	L Near	 00000159 _TEXT	
  skip_high_update . . . . . . .	L Near	 00000170 _TEXT	
  store_high . . . . . . . . . .	L Near	 00000173 _TEXT	
  highs_done . . . . . . . . . .	L Near	 0000017E _TEXT	
findDailyLows  . . . . . . . . .	P Near	 00000185 _TEXT	Length= 00000051 Public STDCALL
  lows_outer_loop  . . . . . . .	L Near	 00000193 _TEXT	
  lows_inner_loop  . . . . . . .	L Near	 000001AA _TEXT	
  skip_low_update  . . . . . . .	L Near	 000001C1 _TEXT	
  store_low  . . . . . . . . . .	L Near	 000001C4 _TEXT	
  lows_done  . . . . . . . . . .	L Near	 000001CF _TEXT	
generateTemperatures . . . . . .	P Near	 0000010D _TEXT	Length= 00000027 Public STDCALL
  generateLoop . . . . . . . . .	L Near	 00000118 _TEXT	
main . . . . . . . . . . . . . .	P Near	 00000000 _TEXT	Length= 000000CE Public STDCALL
printFarewell  . . . . . . . . .	P Near	 000000F4 _TEXT	Length= 00000019 Public STDCALL
printGreeting  . . . . . . . . .	P Near	 000000CE _TEXT	Length= 00000026 Public STDCALL
printf . . . . . . . . . . . . .	P Near	 00000000 FLAT	Length= 00000000 External C
scanf  . . . . . . . . . . . . .	P Near	 00000000 FLAT	Length= 00000000 External C
wsprintfA  . . . . . . . . . . .	P Near	 00000000 FLAT	Length= 00000000 External C


Symbols:

                N a m e                 Type     Value    Attr

@CodeSize  . . . . . . . . . . .	Number	 00000000h   
@DataSize  . . . . . . . . . . .	Number	 00000000h   
@Interface . . . . . . . . . . .	Number	 00000003h   
@Model . . . . . . . . . . . . .	Number	 00000007h   
@code  . . . . . . . . . . . . .	Text   	 _TEXT
@data  . . . . . . . . . . . . .	Text   	 FLAT
@fardata?  . . . . . . . . . . .	Text   	 FLAT
@fardata . . . . . . . . . . . .	Text   	 FLAT
@stack . . . . . . . . . . . . .	Text   	 FLAT
ALT_MASK . . . . . . . . . . . .	Number	 00000003h   
ARRAYSIZE  . . . . . . . . . . .	Number	 0000009Ah   
CAPSLOCK_ON  . . . . . . . . . .	Number	 00000080h   
CREATE_ALWAYS  . . . . . . . . .	Number	 00000002h   
CREATE_NEW . . . . . . . . . . .	Number	 00000001h   
CTRL_MASK  . . . . . . . . . . .	Number	 0000000Ch   
CreateFile . . . . . . . . . . .	Text   	 CreateFileA
DAYS_MEASURED  . . . . . . . . .	Number	 0000000Eh   
DO_NOT_SHARE . . . . . . . . . .	Number	 00000000h   
ENABLE_ECHO_INPUT  . . . . . . .	Number	 00000004h   
ENABLE_LINE_INPUT  . . . . . . .	Number	 00000002h   
ENABLE_MOUSE_INPUT . . . . . . .	Number	 00000010h   
ENABLE_PROCESSED_INPUT . . . . .	Number	 00000001h   
ENABLE_PROCESSED_OUTPUT  . . . .	Number	 00000001h   
ENABLE_WINDOW_INPUT  . . . . . .	Number	 00000008h   
ENABLE_WRAP_AT_EOL_OUTPUT  . . .	Number	 00000002h   
ENHANCED_KEY . . . . . . . . . .	Number	 00000100h   
FALSE  . . . . . . . . . . . . .	Number	 00000000h   
FILE_APPEND_DATA . . . . . . . .	Number	 00000004h   
FILE_ATTRIBUTE_ARCHIVE . . . . .	Number	 00000020h   
FILE_ATTRIBUTE_COMPRESSED  . . .	Number	 00000800h   
FILE_ATTRIBUTE_DEVICE  . . . . .	Number	 00000040h   
FILE_ATTRIBUTE_DIRECTORY . . . .	Number	 00000010h   
FILE_ATTRIBUTE_ENCRYPTED . . . .	Number	 00004000h   
FILE_ATTRIBUTE_HIDDEN  . . . . .	Number	 00000002h   
FILE_ATTRIBUTE_NORMAL  . . . . .	Number	 00000080h   
FILE_ATTRIBUTE_NOT_CONTENT_INDEXED .	Number	 00002000h   
FILE_ATTRIBUTE_OFFLINE . . . . .	Number	 00001000h   
FILE_ATTRIBUTE_READONLY  . . . .	Number	 00000001h   
FILE_ATTRIBUTE_REPARSE_POINT . .	Number	 00000400h   
FILE_ATTRIBUTE_SPARSE_FILE . . .	Number	 00000200h   
FILE_ATTRIBUTE_SYSTEM  . . . . .	Number	 00000004h   
FILE_ATTRIBUTE_TEMPORARY . . . .	Number	 00000100h   
FILE_BEGIN . . . . . . . . . . .	Number	 00000000h   
FILE_CURRENT . . . . . . . . . .	Number	 00000001h   
FILE_DELETE_CHILD  . . . . . . .	Number	 00000040h   
FILE_END . . . . . . . . . . . .	Number	 00000002h   
FILE_READ_DATA . . . . . . . . .	Number	 00000001h   
FILE_SHARE_DELETE  . . . . . . .	Number	 00000004h   
FILE_SHARE_READ  . . . . . . . .	Number	 00000001h   
FILE_SHARE_WRITE . . . . . . . .	Number	 00000002h   
FILE_WRITE_DATA  . . . . . . . .	Number	 00000002h   
FOCUS_EVENT  . . . . . . . . . .	Number	 00000010h   
FORMAT_MESSAGE_ALLOCATE_BUFFER .	Number	 00000100h   
FORMAT_MESSAGE_FROM_SYSTEM . . .	Number	 00001000h   
FormatMessage  . . . . . . . . .	Text   	 FormatMessageA
GENERIC_ALL  . . . . . . . . . .	Number	 10000000h   
GENERIC_EXECUTE  . . . . . . . .	Number	 20000000h   
GENERIC_READ . . . . . . . . . .	Number	 -80000000h   
GENERIC_WRITE  . . . . . . . . .	Number	 40000000h   
GetCommandLine . . . . . . . . .	Text   	 GetCommandLineA
HANDLE . . . . . . . . . . . . .	Text   	 DWORD
HEAP_GENERATE_EXCEPTIONS . . . .	Number	 00000004h   
HEAP_GROWABLE  . . . . . . . . .	Number	 00000002h   
HEAP_NO_SERIALIZE  . . . . . . .	Number	 00000001h   
HEAP_REALLOC_IN_PLACE_ONLY . . .	Number	 00000010h   
HEAP_ZERO_MEMORY . . . . . . . .	Number	 00000008h   
IDABORT  . . . . . . . . . . . .	Number	 00000003h   
IDCANCEL . . . . . . . . . . . .	Number	 00000002h   
IDCLOSE  . . . . . . . . . . . .	Number	 00000008h   
IDCONTINUE . . . . . . . . . . .	Number	 0000000Bh   
IDHELP . . . . . . . . . . . . .	Number	 00000009h   
IDIGNORE . . . . . . . . . . . .	Number	 00000005h   
IDNO . . . . . . . . . . . . . .	Number	 00000007h   
IDOK . . . . . . . . . . . . . .	Number	 00000001h   
IDRETRY  . . . . . . . . . . . .	Number	 00000004h   
IDTIMEOUT  . . . . . . . . . . .	Number	 00007D00h   
IDTRYAGAIN . . . . . . . . . . .	Number	 0000000Ah   
IDYES  . . . . . . . . . . . . .	Number	 00000006h   
INVALID_HANDLE_VALUE . . . . . .	Number	 -00000001h   
KBDOWN_FLAG  . . . . . . . . . .	Number	 00000001h   
KEY_EVENT  . . . . . . . . . . .	Number	 00000001h   
KEY_MASKS  . . . . . . . . . . .	Number	 0000001Fh   
LEFT_ALT_PRESSED . . . . . . . .	Number	 00000002h   
LEFT_CTRL_PRESSED  . . . . . . .	Number	 00000008h   
MAX_TEMP . . . . . . . . . . . .	Number	 00000050h   
MB_ABORTRETRYIGNORE  . . . . . .	Number	 00000002h   
MB_APPLMODAL . . . . . . . . . .	Number	 00000000h   
MB_CANCELTRYCONTINUE . . . . . .	Number	 00000006h   
MB_DEFBUTTON1  . . . . . . . . .	Number	 00000000h   
MB_DEFBUTTON2  . . . . . . . . .	Number	 00000100h   
MB_DEFBUTTON3  . . . . . . . . .	Number	 00000200h   
MB_DEFBUTTON4  . . . . . . . . .	Number	 00000300h   
MB_HELP  . . . . . . . . . . . .	Number	 00004000h   
MB_ICONASTERISK  . . . . . . . .	Number	 00000040h   
MB_ICONERROR . . . . . . . . . .	Number	 00000010h   
MB_ICONEXCLAMATION . . . . . . .	Number	 00000030h   
MB_ICONHAND  . . . . . . . . . .	Number	 00000010h   
MB_ICONINFORMATION . . . . . . .	Number	 00000040h   
MB_ICONQUESTION  . . . . . . . .	Number	 00000020h   
MB_ICONSTOP  . . . . . . . . . .	Number	 00000010h   
MB_ICONWARNING . . . . . . . . .	Number	 00000030h   
MB_OKCANCEL  . . . . . . . . . .	Number	 00000001h   
MB_OK  . . . . . . . . . . . . .	Number	 00000000h   
MB_RETRYCANCEL . . . . . . . . .	Number	 00000005h   
MB_SYSTEMMODAL . . . . . . . . .	Number	 00001000h   
MB_TASKMODAL . . . . . . . . . .	Number	 00002000h   
MB_USERICON  . . . . . . . . . .	Number	 00000080h   
MB_YESNOCANCEL . . . . . . . . .	Number	 00000003h   
MB_YESNO . . . . . . . . . . . .	Number	 00000004h   
MENU_EVENT . . . . . . . . . . .	Number	 00000008h   
MIN_TEMP . . . . . . . . . . . .	Number	 00000014h   
MOUSE_EVENT  . . . . . . . . . .	Number	 00000002h   
MessageBox . . . . . . . . . . .	Text   	 MessageBoxA
NULL . . . . . . . . . . . . . .	Number	 00000000h   
NUMLOCK_ON . . . . . . . . . . .	Number	 00000020h   
OPEN_ALWAYS  . . . . . . . . . .	Number	 00000004h   
OPEN_EXISTING  . . . . . . . . .	Number	 00000003h   
PeekConsoleInput . . . . . . . .	Text   	 PeekConsoleInputA
RIGHT_ALT_PRESSED  . . . . . . .	Number	 00000001h   
RIGHT_CTRL_PRESSED . . . . . . .	Number	 00000004h   
ReadConsoleInput . . . . . . . .	Text   	 ReadConsoleInputA
ReadConsole  . . . . . . . . . .	Text   	 ReadConsoleA
SCROLLLOCK_ON  . . . . . . . . .	Number	 00000040h   
SHIFT_MASK . . . . . . . . . . .	Number	 00000010h   
SHIFT_PRESSED  . . . . . . . . .	Number	 00000010h   
STD_ERROR_HANDLE . . . . . . . .	Number	 -0000000Ch   
STD_INPUT_HANDLE . . . . . . . .	Number	 -0000000Ah   
STD_OUTPUT_HANDLE  . . . . . . .	Number	 -0000000Bh   
SetConsoleTitle  . . . . . . . .	Text   	 SetConsoleTitleA
TAB  . . . . . . . . . . . . . .	Number	 00000009h   
TEMPS_PER_DAY  . . . . . . . . .	Number	 0000000Bh   
TRUE . . . . . . . . . . . . . .	Number	 00000001h   
TRUNCATE_EXISTING  . . . . . . .	Number	 00000005h   
VK_11  . . . . . . . . . . . . .	Number	 000000BDh   
VK_12  . . . . . . . . . . . . .	Number	 000000BBh   
VK_ADD . . . . . . . . . . . . .	Number	 0000006Bh   
VK_BACK  . . . . . . . . . . . .	Number	 00000008h   
VK_CANCEL  . . . . . . . . . . .	Number	 00000003h   
VK_CAPITAL . . . . . . . . . . .	Number	 00000014h   
VK_CLEAR . . . . . . . . . . . .	Number	 0000000Ch   
VK_CONTROL . . . . . . . . . . .	Number	 00000011h   
VK_DECIMAL . . . . . . . . . . .	Number	 0000006Eh   
VK_DELETE  . . . . . . . . . . .	Number	 0000002Eh   
VK_DIVIDE  . . . . . . . . . . .	Number	 0000006Fh   
VK_DOWN  . . . . . . . . . . . .	Number	 00000028h   
VK_END . . . . . . . . . . . . .	Number	 00000023h   
VK_ESCAPE  . . . . . . . . . . .	Number	 0000001Bh   
VK_EXECUTE . . . . . . . . . . .	Number	 0000002Bh   
VK_F10 . . . . . . . . . . . . .	Number	 00000079h   
VK_F11 . . . . . . . . . . . . .	Number	 0000007Ah   
VK_F12 . . . . . . . . . . . . .	Number	 0000007Bh   
VK_F13 . . . . . . . . . . . . .	Number	 0000007Ch   
VK_F14 . . . . . . . . . . . . .	Number	 0000007Dh   
VK_F15 . . . . . . . . . . . . .	Number	 0000007Eh   
VK_F16 . . . . . . . . . . . . .	Number	 0000007Fh   
VK_F17 . . . . . . . . . . . . .	Number	 00000080h   
VK_F18 . . . . . . . . . . . . .	Number	 00000081h   
VK_F19 . . . . . . . . . . . . .	Number	 00000082h   
VK_F1  . . . . . . . . . . . . .	Number	 00000070h   
VK_F20 . . . . . . . . . . . . .	Number	 00000083h   
VK_F21 . . . . . . . . . . . . .	Number	 00000084h   
VK_F22 . . . . . . . . . . . . .	Number	 00000085h   
VK_F23 . . . . . . . . . . . . .	Number	 00000086h   
VK_F24 . . . . . . . . . . . . .	Number	 00000087h   
VK_F2  . . . . . . . . . . . . .	Number	 00000071h   
VK_F3  . . . . . . . . . . . . .	Number	 00000072h   
VK_F4  . . . . . . . . . . . . .	Number	 00000073h   
VK_F5  . . . . . . . . . . . . .	Number	 00000074h   
VK_F6  . . . . . . . . . . . . .	Number	 00000075h   
VK_F7  . . . . . . . . . . . . .	Number	 00000076h   
VK_F8  . . . . . . . . . . . . .	Number	 00000077h   
VK_F9  . . . . . . . . . . . . .	Number	 00000078h   
VK_HELP  . . . . . . . . . . . .	Number	 0000002Fh   
VK_HOME  . . . . . . . . . . . .	Number	 00000024h   
VK_INSERT  . . . . . . . . . . .	Number	 0000002Dh   
VK_LBUTTON . . . . . . . . . . .	Number	 00000001h   
VK_LCONTROL  . . . . . . . . . .	Number	 000000A2h   
VK_LEFT  . . . . . . . . . . . .	Number	 00000025h   
VK_LMENU . . . . . . . . . . . .	Number	 000000A4h   
VK_LSHIFT  . . . . . . . . . . .	Number	 000000A0h   
VK_MENU  . . . . . . . . . . . .	Number	 00000012h   
VK_MULTIPLY  . . . . . . . . . .	Number	 0000006Ah   
VK_NEXT  . . . . . . . . . . . .	Number	 00000022h   
VK_NUMLOCK . . . . . . . . . . .	Number	 00000090h   
VK_NUMPAD0 . . . . . . . . . . .	Number	 00000060h   
VK_NUMPAD1 . . . . . . . . . . .	Number	 00000061h   
VK_NUMPAD2 . . . . . . . . . . .	Number	 00000062h   
VK_NUMPAD3 . . . . . . . . . . .	Number	 00000063h   
VK_NUMPAD4 . . . . . . . . . . .	Number	 00000064h   
VK_NUMPAD5 . . . . . . . . . . .	Number	 00000065h   
VK_NUMPAD6 . . . . . . . . . . .	Number	 00000066h   
VK_NUMPAD7 . . . . . . . . . . .	Number	 00000067h   
VK_NUMPAD8 . . . . . . . . . . .	Number	 00000068h   
VK_NUMPAD9 . . . . . . . . . . .	Number	 00000069h   
VK_PAUSE . . . . . . . . . . . .	Number	 00000013h   
VK_PRINT . . . . . . . . . . . .	Number	 0000002Ah   
VK_PRIOR . . . . . . . . . . . .	Number	 00000021h   
VK_RBUTTON . . . . . . . . . . .	Number	 00000002h   
VK_RCONTROL  . . . . . . . . . .	Number	 000000A3h   
VK_RETURN  . . . . . . . . . . .	Number	 0000000Dh   
VK_RIGHT . . . . . . . . . . . .	Number	 00000027h   
VK_RMENU . . . . . . . . . . . .	Number	 000000A5h   
VK_RSHIFT  . . . . . . . . . . .	Number	 000000A1h   
VK_SCROLL  . . . . . . . . . . .	Number	 00000091h   
VK_SEPARATER . . . . . . . . . .	Number	 0000006Ch   
VK_SHIFT . . . . . . . . . . . .	Number	 00000010h   
VK_SNAPSHOT  . . . . . . . . . .	Number	 0000002Ch   
VK_SPACE . . . . . . . . . . . .	Number	 00000020h   
VK_SUBTRACT  . . . . . . . . . .	Number	 0000006Dh   
VK_TAB . . . . . . . . . . . . .	Number	 00000009h   
VK_UP  . . . . . . . . . . . . .	Number	 00000026h   
WINDOW_BUFFER_SIZE_EVENT . . . .	Number	 00000004h   
WriteConsoleOutputCharacter  . .	Text   	 WriteConsoleOutputCharacterA
WriteConsole . . . . . . . . . .	Text   	 WriteConsoleA
averageHigh  . . . . . . . . . .	DWord	 000002D8 _DATA	
averageLow . . . . . . . . . . .	DWord	 000002DC _DATA	
avgHighTitle . . . . . . . . . .	Byte	 000004AD _DATA	
avgLowTitle  . . . . . . . . . .	Byte	 000004DB _DATA	
black  . . . . . . . . . . . . .	Number	 00000000h   
blue . . . . . . . . . . . . . .	Number	 00000001h   
brown  . . . . . . . . . . . . .	Number	 00000006h   
cyan . . . . . . . . . . . . . .	Number	 00000003h   
dailyHighs . . . . . . . . . . .	DWord	 00000268 _DATA	
dailyLows  . . . . . . . . . . .	DWord	 000002A0 _DATA	
exit . . . . . . . . . . . . . .	Text   	 INVOKE ExitProcess,0
farewell . . . . . . . . . . . .	Byte	 00000508 _DATA	
gray . . . . . . . . . . . . . .	Number	 00000008h   
green  . . . . . . . . . . . . .	Number	 00000002h   
highTitle  . . . . . . . . . . .	Byte	 0000045C _DATA	
intro1 . . . . . . . . . . . . .	Byte	 000002E0 _DATA	
intro2 . . . . . . . . . . . . .	Byte	 00000320 _DATA	
intro3 . . . . . . . . . . . . .	Byte	 0000036E _DATA	
intro4 . . . . . . . . . . . . .	Byte	 000003C7 _DATA	
lightBlue  . . . . . . . . . . .	Number	 00000009h   
lightCyan  . . . . . . . . . . .	Number	 0000000Bh   
lightGray  . . . . . . . . . . .	Number	 00000007h   
lightGreen . . . . . . . . . . .	Number	 0000000Ah   
lightMagenta . . . . . . . . . .	Number	 0000000Dh   
lightRed . . . . . . . . . . . .	Number	 0000000Ch   
lowTitle . . . . . . . . . . . .	Byte	 00000485 _DATA	
magenta  . . . . . . . . . . . .	Number	 00000005h   
red  . . . . . . . . . . . . . .	Number	 00000004h   
tempArray  . . . . . . . . . . .	DWord	 00000000 _DATA	
tempTitle  . . . . . . . . . . .	Byte	 0000041E _DATA	
white  . . . . . . . . . . . . .	Number	 0000000Fh   
wsprintf . . . . . . . . . . . .	Text   	 wsprintfA
yellow . . . . . . . . . . . . .	Number	 0000000Eh   

	   1 Warnings
	   0 Errors
